Processing 2 files
Start Processing: com/minecraftmoddevelopmentdear/loottablechesttool/LootChestCommand.java
Rename method net/minecraft/command/ICommand/getName ()Ljava/lang/String;[1233,1240]::getName->func_71517_b
Rename method net/minecraft/command/ICommand/getUsage (Lnet/minecraft/command/ICommandSender;)Ljava/lang/String;[1317,1325]::getUsage->func_71518_a
Rename method net/minecraft/command/CommandBase/getRequiredPermissionLevel ()I[1457,1483]::getRequiredPermissionLevel->func_82362_a
Rename method net/minecraft/command/ICommand/execute (Lnet/minecraft/server/MinecraftServer;Lnet/minecraft/command/ICommandSender;[Ljava/lang/String;)V[1529,1536]::execute->func_184881_a
Rename method net/minecraft/command/ICommand/getUsage (Lnet/minecraft/command/ICommandSender;)Ljava/lang/String;[1701,1709]::getUsage->func_71518_a
Rename method net/minecraft/command/ICommandSender/getEntityWorld ()Lnet/minecraft/world/World;[1764,1778]::getEntityWorld->func_130014_f_
Rename method net/minecraft/command/CommandBase/parseInt (Ljava/lang/String;II)I[2001,2009]::parseInt->func_175764_a
Rename method net/minecraft/command/ICommandSender/sendMessage (Lnet/minecraft/util/text/ITextComponent;)V[2308,2319]::sendMessage->func_145747_a
Rename method net/minecraft/util/EnumFacing/rotateY ()Lnet/minecraft/util/EnumFacing;[2579,2586]::rotateY->func_176746_e
Rename method net/minecraft/command/ICommandSender/getPosition ()Lnet/minecraft/util/math/BlockPos;[2629,2640]::getPosition->func_180425_c
Rename method net/minecraft/util/math/BlockPos/offset (Lnet/minecraft/util/EnumFacing;)Lnet/minecraft/util/math/BlockPos;[2645,2651]::offset->func_177972_a
Rename method net/minecraft/world/World/getSeed ()J[2726,2733]::getSeed->func_72905_C
Rename method net/minecraft/command/ICommandSender/sendMessage (Lnet/minecraft/util/text/ITextComponent;)V[3129,3140]::sendMessage->func_145747_a
Rename method net/minecraft/command/ICommand/getTabCompletions (Lnet/minecraft/server/MinecraftServer;Lnet/minecraft/command/ICommandSender;[Ljava/lang/String;Lnet/minecraft/util/math/BlockPos;)Ljava/util/List;[3317,3334]::getTabCompletions->func_184883_a
Rename method net/minecraft/command/CommandBase/getListOfStringsMatchingLastWord ([Ljava/lang/String;Ljava/util/Collection;)Ljava/util/List;[3712,3744]::getListOfStringsMatchingLastWord->func_175762_a
Rename method net/minecraft/command/ICommandSender/getCommandSenderEntity ()Lnet/minecraft/entity/Entity;[3893,3915]::getCommandSenderEntity->func_174793_f
Rename method net/minecraft/command/ICommandSender/getCommandSenderEntity ()Lnet/minecraft/entity/Entity;[3989,4011]::getCommandSenderEntity->func_174793_f
Rename method net/minecraft/entity/Entity/getHorizontalFacing ()Lnet/minecraft/util/EnumFacing;[4005,4024]::getHorizontalFacing->func_174811_aO
Rename method net/minecraft/util/math/BlockPos/offset (Lnet/minecraft/util/EnumFacing;I)Lnet/minecraft/util/math/BlockPos;[4233,4239]::offset->func_177967_a
Rename method net/minecraft/util/math/BlockPos/offset (Lnet/minecraft/util/EnumFacing;I)Lnet/minecraft/util/math/BlockPos;[4266,4272]::offset->func_177967_a
Rename method net/minecraft/world/World/setBlockState (Lnet/minecraft/util/math/BlockPos;Lnet/minecraft/block/state/IBlockState;I)Z[4460,4473]::setBlockState->func_180501_a
Rename field net/minecraft/init/Blocks/CHEST[4486,4491]::CHEST->field_150486_ae
Rename method net/minecraft/block/Block/getDefaultState ()Lnet/minecraft/block/state/IBlockState;[4502,4517]::getDefaultState->func_176223_P
Rename method net/minecraft/block/state/IBlockState/withProperty (Lnet/minecraft/block/properties/IProperty;Ljava/lang/Comparable;)Lnet/minecraft/block/state/IBlockState;[4518,4530]::withProperty->func_177226_a
Rename field net/minecraft/block/BlockChest/FACING[4543,4549]::FACING->field_176459_a
Rename method net/minecraft/world/IBlockAccess/getTileEntity (Lnet/minecraft/util/math/BlockPos;)Lnet/minecraft/tileentity/TileEntity;[4610,4623]::getTileEntity->func_175625_s
Rename method net/minecraft/tileentity/TileEntityLockableLoot/setLootTable (Lnet/minecraft/util/ResourceLocation;J)V[4726,4738]::setLootTable->func_189404_a
Rename method net/minecraft/tileentity/TileEntity/markDirty ()V[4781,4790]::markDirty->func_70296_d
Import: java.lang.reflect.Field
Import: java.lang.reflect.Method
Import: java.util.ArrayList
Import: java.util.Collection
Import: java.util.Collections
Import: java.util.Comparator
Import: java.util.LinkedHashSet
Import: java.util.List
Import: java.util.Random
Import: java.util.Set
Import: net.minecraft.block.BlockChest
Import: net.minecraft.command.CommandBase
Import: net.minecraft.command.CommandException
Import: net.minecraft.command.ICommandSender
Import: net.minecraft.init.Blocks
Import: net.minecraft.server.MinecraftServer
Import: net.minecraft.tileentity.TileEntity
Import: net.minecraft.tileentity.TileEntityChest
Import: net.minecraft.util.EnumFacing
Import: net.minecraft.util.ResourceLocation
Import: net.minecraft.util.math.BlockPos
Import: net.minecraft.util.text.TextComponentString
Import: net.minecraft.world.World
Import: net.minecraft.world.WorldServer
Import: net.minecraft.world.storage.loot.LootTableList
End  Processing: com/minecraftmoddevelopmentdear/loottablechesttool/LootChestCommand.java

Start Processing: com/minecraftmoddevelopmentdear/loottablechesttool/LootTableChestTool.java
Import: net.minecraftforge.fml.common.Mod
Import: net.minecraftforge.fml.common.Mod.EventHandler
Import: net.minecraftforge.fml.common.event.FMLServerStartingEvent
End  Processing: com/minecraftmoddevelopmentdear/loottablechesttool/LootTableChestTool.java

